// Jest Snapshot v1, https://goo.gl/fbAQLP

exports[`wailord --help: wailord --help stdout 1`] = `
"
  Usage: index [options] [command]

  Options:

    -V, --version  output the version number
    -h, --help     output usage information

  Commands:

    attach <req>   Attach local standard input, output, and error streams to a running container
"
`;
